I'm sorry, but errors were detected in your script. Please correct the
errors listed below, and try again.


File "game/09_units/unit_Images.rpy", line 12: expected 'name' not found.
    screen editorial_office( "pics\editorial_office.jpg", x1=0, x2=0, y=0, lag=1.0 ):   
                             ^

Ren'Py Version: Ren'Py 6.18.3.761
